Flow report for sumador_4b
Sun Sep 27 19:35:21 2026
Quartus Prime Version 25.1std.0 Build 1129 10/21/2025 SC Lite Edition


---------------------
; Table of Contents ;
---------------------
  1. Legal Notice
  2. Flow Summary
  3. Flow Settings
  4. Flow Non-Default Global Settings
  5. Flow Elapsed Time
  6. Flow OS Summary
  7. Flow Log
  8. Flow Messages
  9. Flow Suppressed Messages



----------------
; Legal Notice ;
----------------
Copyright (C) 2025  Altera Corporation. All rights reserved.
Your use of Altera Corporation's design tools, logic functions 
and other software and tools, and any partner logic 
functions, and any output files from any of the foregoing 
(including device programming or simulation files), and any 
associated documentation or information are expressly subject 
to the terms and conditions of the Altera Program License 
Subscription Agreement, the Altera Quartus Prime License Agreement,
the Altera IP License Agreement, or other applicable license
agreement, including, without limitation, that your use is for
the sole purpose of programming logic devices manufactured by
Altera and sold by Altera or its authorized distributors.  Please
refer to the Altera Software License Subscription Agreements 
on the Quartus Prime software download page.



+--------------------------------------------------------------------------------------+
; Flow Summary                                                                         ;
+------------------------------------+-------------------------------------------------+
; Flow Status                        ; Successful - Sun Sep 27 19:35:21 2026           ;
; Quartus Prime Version              ; 25.1std.0 Build 1129 10/21/2025 SC Lite Edition ;
; Revision Name                      ; sumador_4b                                      ;
; Top-level Entity Name              ; sumadorDisplay                                  ;
; Family                             ; Cyclone IV E                                    ;
; Device                             ; EP4CE10E22C8                                    ;
; Timing Models                      ; Final                                           ;
; Total logic elements               ; 15 / 10,320 ( < 1 % )                           ;
;     Total combinational functions  ; 15 / 10,320 ( < 1 % )                           ;
;     Dedicated logic registers      ; 0 / 10,320 ( 0 % )                              ;
; Total registers                    ; 0                                               ;
; Total pins                         ; 21 / 92 ( 23 % )                                ;
; Total virtual pins                 ; 0                                               ;
; Total memory bits                  ; 0 / 423,936 ( 0 % )                             ;
; Embedded Multiplier 9-bit elements ; 0 / 46 ( 0 % )                                  ;
; Total PLLs                         ; 0 / 2 ( 0 % )                                   ;
+------------------------------------+-------------------------------------------------+


+-----------------------------------------+
; Flow Settings                           ;
+-------------------+---------------------+
; Option            ; Setting             ;
+-------------------+---------------------+
; Start date & time ; 09/27/2026 19:34:59 ;
; Main task         ; Compilation         ;
; Revision Name     ; sumador_4b          ;
+-------------------+---------------------+


+----------------------------------------------------------------------------------------------------------------------------------------------------+
; Flow Non-Default Global Settings                                                                                                                   ;
+--------------------------------------+----------------------------------------+---------------+----------------+-----------------------------------+
; Assignment Name                      ; Value                                  ; Default Value ; Entity Name    ; Section Id                        ;
+--------------------------------------+----------------------------------------+---------------+----------------+-----------------------------------+
; COMPILER_SIGNATURE_ID                ; 55628958679379.179055569907012         ; --            ; --             ; --                                ;
; EDA_DESIGN_INSTANCE_NAME             ; NA                                     ; --            ; --             ; sumador4b_tb                      ;
; EDA_DESIGN_INSTANCE_NAME             ; NA                                     ; --            ; --             ; sumador1b_tb                      ;
; EDA_GENERATE_FUNCTIONAL_NETLIST      ; Off                                    ; --            ; --             ; eda_board_design_timing           ;
; EDA_GENERATE_FUNCTIONAL_NETLIST      ; Off                                    ; --            ; --             ; eda_board_design_boundary_scan    ;
; EDA_GENERATE_FUNCTIONAL_NETLIST      ; Off                                    ; --            ; --             ; eda_board_design_signal_integrity ;
; EDA_GENERATE_FUNCTIONAL_NETLIST      ; Off                                    ; --            ; --             ; eda_board_design_symbol           ;
; EDA_NATIVELINK_SIMULATION_TEST_BENCH ; sumador4b_tb                           ; --            ; --             ; eda_simulation                    ;
; EDA_OUTPUT_DATA_FORMAT               ; Verilog Hdl                            ; --            ; --             ; eda_simulation                    ;
; EDA_SIMULATION_TOOL                  ; Questa Altera FPGA (Verilog)           ; <None>        ; --             ; --                                ;
; EDA_TEST_BENCH_ENABLE_STATUS         ; TEST_BENCH_MODE                        ; --            ; --             ; eda_simulation                    ;
; EDA_TEST_BENCH_FILE                  ; sumador4b_tb.v                         ; --            ; --             ; sumador4b_tb                      ;
; EDA_TEST_BENCH_FILE                  ; sumador1b_tb.v                         ; --            ; --             ; sumador1b_tb                      ;
; EDA_TEST_BENCH_MODULE_NAME           ; sumador4b_tb                           ; --            ; --             ; sumador4b_tb                      ;
; EDA_TEST_BENCH_MODULE_NAME           ; sumador1b_tb                           ; --            ; --             ; sumador1b_tb                      ;
; EDA_TEST_BENCH_NAME                  ; sumador1b_tb                           ; --            ; --             ; eda_simulation                    ;
; EDA_TEST_BENCH_NAME                  ; sumador4b_tb                           ; --            ; --             ; eda_simulation                    ;
; EDA_TIME_SCALE                       ; 1 ps                                   ; --            ; --             ; eda_simulation                    ;
; MAX_CORE_JUNCTION_TEMP               ; 85                                     ; --            ; --             ; --                                ;
; MIN_CORE_JUNCTION_TEMP               ; 0                                      ; --            ; --             ; --                                ;
; NOMINAL_CORE_SUPPLY_VOLTAGE          ; 1.2V                                   ; --            ; --             ; --                                ;
; PARTITION_COLOR                      ; -- (Not supported for targeted family) ; --            ; sumadorDisplay ; Top                               ;
; PARTITION_FITTER_PRESERVATION_LEVEL  ; -- (Not supported for targeted family) ; --            ; sumadorDisplay ; Top                               ;
; PARTITION_NETLIST_TYPE               ; -- (Not supported for targeted family) ; --            ; sumadorDisplay ; Top                               ;
; POWER_BOARD_THERMAL_MODEL            ; None (CONSERVATIVE)                    ; --            ; --             ; --                                ;
; POWER_PRESET_COOLING_SOLUTION        ; 23 MM HEAT SINK WITH 200 LFPM AIRFLOW  ; --            ; --             ; --                                ;
; PROJECT_OUTPUT_DIRECTORY             ; output_files                           ; --            ; --             ; --                                ;
; TOP_LEVEL_ENTITY                     ; sumadorDisplay                         ; sumador_4b    ; --             ; --                                ;
+--------------------------------------+----------------------------------------+---------------+----------------+-----------------------------------+


+--------------------------------------------------------------------------------------------------------------------------+
; Flow Elapsed Time                                                                                                        ;
+----------------------+--------------+-------------------------+---------------------+------------------------------------+
; Module Name          ; Elapsed Time ; Average Processors Used ; Peak Virtual Memory ; Total CPU Time (on all processors) ;
+----------------------+--------------+-------------------------+---------------------+------------------------------------+
; Analysis & Synthesis ; 00:00:09     ; 1.0                     ; 4779 MB             ; 00:00:22                           ;
; Fitter               ; 00:00:05     ; 1.0                     ; 5503 MB             ; 00:00:03                           ;
; Assembler            ; 00:00:01     ; 1.0                     ; 4717 MB             ; 00:00:01                           ;
; Timing Analyzer      ; 00:00:02     ; 1.0                     ; 4787 MB             ; 00:00:01                           ;
; EDA Netlist Writer   ; 00:00:01     ; 1.0                     ; 4658 MB             ; 00:00:00                           ;
; Total                ; 00:00:18     ; --                      ; --                  ; 00:00:27                           ;
+----------------------+--------------+-------------------------+---------------------+------------------------------------+


+------------------------------------------------------------------------------------+
; Flow OS Summary                                                                    ;
+----------------------+------------------+------------+------------+----------------+
; Module Name          ; Machine Hostname ; OS Name    ; OS Version ; Processor type ;
+----------------------+------------------+------------+------------+----------------+
; Analysis & Synthesis ; DESKTOP-8S6S2G8  ; Windows 10 ; 10.0       ; x86_64         ;
; Fitter               ; DESKTOP-8S6S2G8  ; Windows 10 ; 10.0       ; x86_64         ;
; Assembler            ; DESKTOP-8S6S2G8  ; Windows 10 ; 10.0       ; x86_64         ;
; Timing Analyzer      ; DESKTOP-8S6S2G8  ; Windows 10 ; 10.0       ; x86_64         ;
; EDA Netlist Writer   ; DESKTOP-8S6S2G8  ; Windows 10 ; 10.0       ; x86_64         ;
+----------------------+------------------+------------+------------+----------------+


------------
; Flow Log ;
------------
quartus_map --read_settings_files=on --write_settings_files=off sumador_4b -c sumador_4b
quartus_fit --read_settings_files=off --write_settings_files=off sumador_4b -c sumador_4b
quartus_asm --read_settings_files=off --write_settings_files=off sumador_4b -c sumador_4b
quartus_sta sumador_4b -c sumador_4b
quartus_eda --read_settings_files=off --write_settings_files=off sumador_4b -c sumador_4b



