Analysis & Synthesis report for Lab_3
Thu Oct  8 19:07:44 2026
Quartus Prime Version 25.1std.0 Build 1129 10/21/2025 SC Lite Edition


---------------------
; Table of Contents ;
---------------------
  1. Legal Notice
  2. Analysis & Synthesis Summary
  3. Analysis & Synthesis Settings
  4. Parallel Compilation
  5. Analysis & Synthesis Source Files Read
  6. Analysis & Synthesis Resource Usage Summary
  7. Analysis & Synthesis Resource Utilization by Entity
  8. General Register Statistics
  9. Multiplexer Restructuring Statistics (Restructuring Performed)
 10. Post-Synthesis Netlist Statistics for Top Partition
 11. Elapsed Time Per Partition
 12. Analysis & Synthesis Messages



----------------
; Legal Notice ;
----------------
Copyright (C) 2025  Altera Corporation. All rights reserved.
Your use of Altera Corporation's design tools, logic functions 
and other software and tools, and any partner logic 
functions, and any output files from any of the foregoing 
(including device programming or simulation files), and any 
associated documentation or information are expressly subject 
to the terms and conditions of the Altera Program License 
Subscription Agreement, the Altera Quartus Prime License Agreement,
the Altera IP License Agreement, or other applicable license
agreement, including, without limitation, that your use is for
the sole purpose of programming logic devices manufactured by
Altera and sold by Altera or its authorized distributors.  Please
refer to the Altera Software License Subscription Agreements 
on the Quartus Prime software download page.



+--------------------------------------------------------------------------------------+
; Analysis & Synthesis Summary                                                         ;
+------------------------------------+-------------------------------------------------+
; Analysis & Synthesis Status        ; Successful - Thu Oct  8 19:07:44 2026           ;
; Quartus Prime Version              ; 25.1std.0 Build 1129 10/21/2025 SC Lite Edition ;
; Revision Name                      ; Lab_3                                           ;
; Top-level Entity Name              ; top_calculadora                                 ;
; Family                             ; Cyclone IV E                                    ;
; Total logic elements               ; 57                                              ;
;     Total combinational functions  ; 57                                              ;
;     Dedicated logic registers      ; 18                                              ;
; Total registers                    ; 18                                              ;
; Total pins                         ; 24                                              ;
; Total virtual pins                 ; 0                                               ;
; Total memory bits                  ; 0                                               ;
; Embedded Multiplier 9-bit elements ; 0                                               ;
; Total PLLs                         ; 0                                               ;
+------------------------------------+-------------------------------------------------+


+------------------------------------------------------------------------------------------------------------+
; Analysis & Synthesis Settings                                                                              ;
+------------------------------------------------------------------+--------------------+--------------------+
; Option                                                           ; Setting            ; Default Value      ;
+------------------------------------------------------------------+--------------------+--------------------+
; Device                                                           ; EP4CE6E22C8        ;                    ;
; Top-level entity name                                            ; top_calculadora    ; Lab_3              ;
; Family name                                                      ; Cyclone IV E       ; Cyclone V          ;
; Maximum processors allowed for parallel compilation              ; 4                  ;                    ;
; Use smart compilation                                            ; Off                ; Off                ;
; Enable parallel Assembler and Timing Analyzer during compilation ; On                 ; On                 ;
; Enable compact report table                                      ; Off                ; Off                ;
; Restructure Multiplexers                                         ; Auto               ; Auto               ;
; Create Debugging Nodes for IP Cores                              ; Off                ; Off                ;
; Preserve fewer node names                                        ; On                 ; On                 ;
; Intel FPGA IP Evaluation Mode                                    ; Enable             ; Enable             ;
; Verilog Version                                                  ; Verilog_2001       ; Verilog_2001       ;
; VHDL Version                                                     ; VHDL_1993          ; VHDL_1993          ;
; State Machine Processing                                         ; Auto               ; Auto               ;
; Safe State Machine                                               ; Off                ; Off                ;
; Extract Verilog State Machines                                   ; On                 ; On                 ;
; Extract VHDL State Machines                                      ; On                 ; On                 ;
; Ignore Verilog initial constructs                                ; Off                ; Off                ;
; Iteration limit for constant Verilog loops                       ; 5000               ; 5000               ;
; Iteration limit for non-constant Verilog loops                   ; 250                ; 250                ;
; Add Pass-Through Logic to Inferred RAMs                          ; On                 ; On                 ;
; Infer RAMs from Raw Logic                                        ; On                 ; On                 ;
; Parallel Synthesis                                               ; On                 ; On                 ;
; DSP Block Balancing                                              ; Auto               ; Auto               ;
; NOT Gate Push-Back                                               ; On                 ; On                 ;
; Power-Up Don't Care                                              ; On                 ; On                 ;
; Remove Redundant Logic Cells                                     ; Off                ; Off                ;
; Remove Duplicate Registers                                       ; On                 ; On                 ;
; Ignore CARRY Buffers                                             ; Off                ; Off                ;
; Ignore CASCADE Buffers                                           ; Off                ; Off                ;
; Ignore GLOBAL Buffers                                            ; Off                ; Off                ;
; Ignore ROW GLOBAL Buffers                                        ; Off                ; Off                ;
; Ignore LCELL Buffers                                             ; Off                ; Off                ;
; Ignore SOFT Buffers                                              ; On                 ; On                 ;
; Limit AHDL Integers to 32 Bits                                   ; Off                ; Off                ;
; Optimization Technique                                           ; Balanced           ; Balanced           ;
; Carry Chain Length                                               ; 70                 ; 70                 ;
; Auto Carry Chains                                                ; On                 ; On                 ;
; Auto Open-Drain Pins                                             ; On                 ; On                 ;
; Perform WYSIWYG Primitive Resynthesis                            ; Off                ; Off                ;
; Auto ROM Replacement                                             ; On                 ; On                 ;
; Auto RAM Replacement                                             ; On                 ; On                 ;
; Auto DSP Block Replacement                                       ; On                 ; On                 ;
; Auto Shift Register Replacement                                  ; Auto               ; Auto               ;
; Allow Shift Register Merging across Hierarchies                  ; Auto               ; Auto               ;
; Auto Clock Enable Replacement                                    ; On                 ; On                 ;
; Strict RAM Replacement                                           ; Off                ; Off                ;
; Allow Synchronous Control Signals                                ; On                 ; On                 ;
; Force Use of Synchronous Clear Signals                           ; Off                ; Off                ;
; Auto RAM Block Balancing                                         ; On                 ; On                 ;
; Auto RAM to Logic Cell Conversion                                ; Off                ; Off                ;
; Auto Resource Sharing                                            ; Off                ; Off                ;
; Allow Any RAM Size For Recognition                               ; Off                ; Off                ;
; Allow Any ROM Size For Recognition                               ; Off                ; Off                ;
; Allow Any Shift Register Size For Recognition                    ; Off                ; Off                ;
; Use LogicLock Constraints during Resource Balancing              ; On                 ; On                 ;
; Ignore translate_off and synthesis_off directives                ; Off                ; Off                ;
; Timing-Driven Synthesis                                          ; On                 ; On                 ;
; Report Parameter Settings                                        ; On                 ; On                 ;
; Report Source Assignments                                        ; On                 ; On                 ;
; Report Connectivity Checks                                       ; On                 ; On                 ;
; Ignore Maximum Fan-Out Assignments                               ; Off                ; Off                ;
; Synchronization Register Chain Length                            ; 2                  ; 2                  ;
; Power Optimization During Synthesis                              ; Normal compilation ; Normal compilation ;
; HDL message level                                                ; Level2             ; Level2             ;
; Suppress Register Optimization Related Messages                  ; Off                ; Off                ;
; Number of Removed Registers Reported in Synthesis Report         ; 5000               ; 5000               ;
; Number of Swept Nodes Reported in Synthesis Report               ; 5000               ; 5000               ;
; Number of Inverted Registers Reported in Synthesis Report        ; 100                ; 100                ;
; Clock MUX Protection                                             ; On                 ; On                 ;
; Auto Gated Clock Conversion                                      ; Off                ; Off                ;
; Block Design Naming                                              ; Auto               ; Auto               ;
; SDC constraint protection                                        ; Off                ; Off                ;
; Synthesis Effort                                                 ; Auto               ; Auto               ;
; Shift Register Replacement - Allow Asynchronous Clear Signal     ; On                 ; On                 ;
; Pre-Mapping Resynthesis Optimization                             ; Off                ; Off                ;
; Analysis & Synthesis Message Level                               ; Medium             ; Medium             ;
; Disable Register Merging Across Hierarchies                      ; Auto               ; Auto               ;
; Resource Aware Inference For Block RAM                           ; On                 ; On                 ;
+------------------------------------------------------------------+--------------------+--------------------+


+------------------------------------------+
; Parallel Compilation                     ;
+----------------------------+-------------+
; Processors                 ; Number      ;
+----------------------------+-------------+
; Number detected on machine ; 8           ;
; Maximum allowed            ; 4           ;
;                            ;             ;
; Average used               ; 1.00        ;
; Maximum used               ; 4           ;
;                            ;             ;
; Usage by Processor         ; % Time Used ;
;     Processor 1            ; 100.0%      ;
;     Processors 2-4         ;   0.0%      ;
+----------------------------+-------------+


+-----------------------------------------------------------------------------------------------------------------------------------------------------------------------------------+
; Analysis & Synthesis Source Files Read                                                                                                                                            ;
+----------------------------------+-----------------+------------------------+-------------------------------------------------------------------------------------------+---------+
; File Name with User-Entered Path ; Used in Netlist ; File Type              ; File Name with Absolute Path                                                              ; Library ;
+----------------------------------+-----------------+------------------------+-------------------------------------------------------------------------------------------+---------+
; top_calculadora.v                ; yes             ; User Verilog HDL File  ; C:/Users/Admin/Documents/GitHub/Digital_Laboratorio/Lab-3/top_programm/top_calculadora.v  ;         ;
; bin_bcd.v                        ; yes             ; User Verilog HDL File  ; C:/Users/Admin/Documents/GitHub/Digital_Laboratorio/Lab-3/top_programm/bin_bcd.v          ;         ;
; bcd_7s.v                         ; yes             ; User Verilog HDL File  ; C:/Users/Admin/Documents/GitHub/Digital_Laboratorio/Lab-3/top_programm/bcd_7s.v           ;         ;
; sumador_restador.v               ; yes             ; User Verilog HDL File  ; C:/Users/Admin/Documents/GitHub/Digital_Laboratorio/Lab-3/top_programm/sumador_restador.v ;         ;
; detector_signo.v                 ; yes             ; User Verilog HDL File  ; C:/Users/Admin/Documents/GitHub/Digital_Laboratorio/Lab-3/top_programm/detector_signo.v   ;         ;
+----------------------------------+-----------------+------------------------+-------------------------------------------------------------------------------------------+---------+


+---------------------------------------------------------+
; Analysis & Synthesis Resource Usage Summary             ;
+---------------------------------------------+-----------+
; Resource                                    ; Usage     ;
+---------------------------------------------+-----------+
; Estimated Total logic elements              ; 57        ;
;                                             ;           ;
; Total combinational functions               ; 57        ;
; Logic element usage by number of LUT inputs ;           ;
;     -- 4 input functions                    ; 16        ;
;     -- 3 input functions                    ; 11        ;
;     -- <=2 input functions                  ; 30        ;
;                                             ;           ;
; Logic elements by mode                      ;           ;
;     -- normal mode                          ; 37        ;
;     -- arithmetic mode                      ; 20        ;
;                                             ;           ;
; Total registers                             ; 18        ;
;     -- Dedicated logic registers            ; 18        ;
;     -- I/O registers                        ; 0         ;
;                                             ;           ;
; I/O pins                                    ; 24        ;
;                                             ;           ;
; Embedded Multiplier 9-bit elements          ; 0         ;
;                                             ;           ;
; Maximum fan-out node                        ; clk~input ;
; Maximum fan-out                             ; 18        ;
; Total fan-out                               ; 226       ;
; Average fan-out                             ; 1.84      ;
+---------------------------------------------+-----------+


+----------------------------------------------------------------------------------------------------------------------------------------------------------------------------------------------------------------------------------------------+
; Analysis & Synthesis Resource Utilization by Entity                                                                                                                                                                                          ;
+----------------------------------+---------------------+---------------------------+-------------+--------------+---------+-----------+------+--------------+----------------------------------------------+------------------+--------------+
; Compilation Hierarchy Node       ; Combinational ALUTs ; Dedicated Logic Registers ; Memory Bits ; DSP Elements ; DSP 9x9 ; DSP 18x18 ; Pins ; Virtual Pins ; Full Hierarchy Name                          ; Entity Name      ; Library Name ;
+----------------------------------+---------------------+---------------------------+-------------+--------------+---------+-----------+------+--------------+----------------------------------------------+------------------+--------------+
; |top_calculadora                 ; 57 (39)             ; 18 (18)                   ; 0           ; 0            ; 0       ; 0         ; 24   ; 0            ; |top_calculadora                             ; top_calculadora  ; work         ;
;    |bin_bcd:u_bin_bcd|           ; 2 (2)               ; 0 (0)                     ; 0           ; 0            ; 0       ; 0         ; 0    ; 0            ; |top_calculadora|bin_bcd:u_bin_bcd           ; bin_bcd          ; work         ;
;    |detector_signo:u_det_signo|  ; 6 (6)               ; 0 (0)                     ; 0           ; 0            ; 0       ; 0         ; 0    ; 0            ; |top_calculadora|detector_signo:u_det_signo  ; detector_signo   ; work         ;
;    |sumador_restador:u_sum_rest| ; 10 (10)             ; 0 (0)                     ; 0           ; 0            ; 0       ; 0         ; 0    ; 0            ; |top_calculadora|sumador_restador:u_sum_rest ; sumador_restador ; work         ;
+----------------------------------+---------------------+---------------------------+-------------+--------------+---------+-----------+------+--------------+----------------------------------------------+------------------+--------------+
Note: For table entries with two numbers listed, the numbers in parentheses indicate the number of resources of the given type used by the specific entity alone. The numbers listed outside of parentheses indicate the total resources of the given type used by the specific entity and all of its sub-entities in the hierarchy.


+------------------------------------------------------+
; General Register Statistics                          ;
+----------------------------------------------+-------+
; Statistic                                    ; Value ;
+----------------------------------------------+-------+
; Total registers                              ; 18    ;
; Number of registers using Synchronous Clear  ; 0     ;
; Number of registers using Synchronous Load   ; 0     ;
; Number of registers using Asynchronous Clear ; 0     ;
; Number of registers using Asynchronous Load  ; 0     ;
; Number of registers using Clock Enable       ; 0     ;
; Number of registers using Preset             ; 0     ;
+----------------------------------------------+-------+


+------------------------------------------------------------------------------------------------------------------------------------------+
; Multiplexer Restructuring Statistics (Restructuring Performed)                                                                           ;
+--------------------+-----------+---------------+----------------------+------------------------+------------+----------------------------+
; Multiplexer Inputs ; Bus Width ; Baseline Area ; Area if Restructured ; Saving if Restructured ; Registered ; Example Multiplexer Output ;
+--------------------+-----------+---------------+----------------------+------------------------+------------+----------------------------+
; 3:1                ; 3 bits    ; 6 LEs         ; 6 LEs                ; 0 LEs                  ; No         ; |top_calculadora|Mux1      ;
+--------------------+-----------+---------------+----------------------+------------------------+------------+----------------------------+


+-----------------------------------------------------+
; Post-Synthesis Netlist Statistics for Top Partition ;
+-----------------------+-----------------------------+
; Type                  ; Count                       ;
+-----------------------+-----------------------------+
; boundary_port         ; 24                          ;
; cycloneiii_ff         ; 18                          ;
;     plain             ; 18                          ;
; cycloneiii_lcell_comb ; 61                          ;
;     arith             ; 20                          ;
;         2 data inputs ; 15                          ;
;         3 data inputs ; 5                           ;
;     normal            ; 41                          ;
;         0 data inputs ; 1                           ;
;         1 data inputs ; 6                           ;
;         2 data inputs ; 12                          ;
;         3 data inputs ; 6                           ;
;         4 data inputs ; 16                          ;
;                       ;                             ;
; Max LUT depth         ; 7.40                        ;
; Average LUT depth     ; 4.06                        ;
+-----------------------+-----------------------------+


+-------------------------------+
; Elapsed Time Per Partition    ;
+----------------+--------------+
; Partition Name ; Elapsed Time ;
+----------------+--------------+
; Top            ; 00:00:00     ;
+----------------+--------------+


+-------------------------------+
; Analysis & Synthesis Messages ;
+-------------------------------+
Info: *******************************************************************
Info: Running Quartus Prime Analysis & Synthesis
    Info: Version 25.1std.0 Build 1129 10/21/2025 SC Lite Edition
    Info: Processing started: Thu Oct  8 19:07:36 2026
Info: Command: quartus_map --read_settings_files=on --write_settings_files=off Lab_3 -c Lab_3
Info (20032): Parallel compilation is enabled and will use up to 4 processors
Info (12021): Found 1 design units, including 1 entities, in source file top_calculadora.v
    Info (12023): Found entity 1: top_calculadora File: C:/Users/Admin/Documents/GitHub/Digital_Laboratorio/Lab-3/top_programm/top_calculadora.v Line: 1
Info (12021): Found 1 design units, including 1 entities, in source file bin_bcd.v
    Info (12023): Found entity 1: bin_bcd File: C:/Users/Admin/Documents/GitHub/Digital_Laboratorio/Lab-3/top_programm/bin_bcd.v Line: 1
Info (12021): Found 1 design units, including 1 entities, in source file bcd_7s.v
    Info (12023): Found entity 1: bcd_7s File: C:/Users/Admin/Documents/GitHub/Digital_Laboratorio/Lab-3/top_programm/bcd_7s.v Line: 1
Info (12021): Found 1 design units, including 1 entities, in source file sumador_restador.v
    Info (12023): Found entity 1: sumador_restador File: C:/Users/Admin/Documents/GitHub/Digital_Laboratorio/Lab-3/top_programm/sumador_restador.v Line: 1
Info (12021): Found 1 design units, including 1 entities, in source file detector_signo.v
    Info (12023): Found entity 1: detector_signo File: C:/Users/Admin/Documents/GitHub/Digital_Laboratorio/Lab-3/top_programm/detector_signo.v Line: 1
Info (12127): Elaborating entity "top_calculadora" for the top level hierarchy
Info (12128): Elaborating entity "sumador_restador" for hierarchy "sumador_restador:u_sum_rest" File: C:/Users/Admin/Documents/GitHub/Digital_Laboratorio/Lab-3/top_programm/top_calculadora.v Line: 39
Info (12128): Elaborating entity "detector_signo" for hierarchy "detector_signo:u_det_signo" File: C:/Users/Admin/Documents/GitHub/Digital_Laboratorio/Lab-3/top_programm/top_calculadora.v Line: 47
Info (12128): Elaborating entity "bin_bcd" for hierarchy "bin_bcd:u_bin_bcd" File: C:/Users/Admin/Documents/GitHub/Digital_Laboratorio/Lab-3/top_programm/top_calculadora.v Line: 53
Info (12128): Elaborating entity "bcd_7s" for hierarchy "bcd_7s:u_disp_unidades" File: C:/Users/Admin/Documents/GitHub/Digital_Laboratorio/Lab-3/top_programm/top_calculadora.v Line: 58
Info (286030): Timing-Driven Synthesis is running
Info (16010): Generating hard_block partition "hard_block:auto_generated_inst"
    Info (16011): Adding 0 node(s), including 0 DDIO, 0 PLL, 0 transceiver and 0 LCELL
Info (21057): Implemented 81 device resources after synthesis - the final resource count might be different
    Info (21058): Implemented 11 input pins
    Info (21059): Implemented 13 output pins
    Info (21061): Implemented 57 logic cells
Info: Quartus Prime Analysis & Synthesis was successful. 0 errors, 0 warnings
    Info: Peak virtual memory: 4788 megabytes
    Info: Processing ended: Thu Oct  8 19:07:44 2026
    Info: Elapsed time: 00:00:08
    Info: Total CPU time (on all processors): 00:00:21


